// Jest Snapshot v1, https://goo.gl/fbAQLP

exports[`should render AddExenseForm correctly 1`] = `
<div>
  <h1>
     Add Form:
  </h1>
  <ExpenseForm
    submit={[Function]}
  />
</div>
`;
