// Jest Snapshot v1, https://goo.gl/fbAQLP

exports[`should render EditExpencePage correctly 1`] = `
<div>
  <ExpenseForm
    expense={
      Object {
        "amount": 10,
        "createdAt": 0,
        "description": "d1",
        "id": "1",
        "note": "n1",
      }
    }
    submit={[Function]}
  />
  <button
    onClick={[Function]}
  >
    Remove 
  </button>
  Privet
</div>
`;
