// Jest Snapshot v1, https://goo.gl/fbAQLP

exports[`should render ExpenseListItem  with expense 1`] = `
<Link
  className="list-item"
  replace={false}
  to="/edit/1"
>
  <div
    className="list-item__title"
  >
    <h3>
       
      d1
    </h3>
    <span
      className="list-item__sub-title"
    >
      Jan 1st, 1970
       
    </span>
  </div>
  <h3
    className="list-item__data"
  >
     
    $0.10
      
  </h3>
</Link>
`;
