// Jest Snapshot v1, https://goo.gl/fbAQLP

exports[`should render dashboard 1`] = `
<div>
  <Connect(ExpenseListFilters) />
  <Connect(ExpenseList)
    type="new"
  />
  <Connect(ExpensesSummary) />
</div>
`;
