// Jest Snapshot v1, https://goo.gl/fbAQLP

exports[`LoadingPage should be rendred properly 1`] = `
<div
  className="loader"
>
  <img
    className="loader__img"
    src="loader.gif"
  />
</div>
`;
